
> frontend@0.0.0 start
> ng serve --host 0.0.0.0 --port 4200


Warning: This is a simple server for use in testing or debugging Angular applications
locally. It hasn't been reviewed for security issues.

Binding this server to an open connection can result in compromising your application or
computer. Using a different host than the one passed to the "--host" flag might result in
websocket connection issues. You might need to use "--disable-host-check" if that's the
case.
    
Component HMR has been enabled, see https://angular.dev/hmr for more info.
❯ Building...
✔ Building...
Initial chunk files | Names                               |  Raw size
main.js             | main                                | 477.85 kB | 
polyfills.js        | polyfills                           |  89.77 kB | 
chunk-TQBJ7YQU.js   | -                                   |  29.12 kB | 
chunk-LSOWKQRF.js   | -                                   |  26.16 kB | 
styles.css          | styles                              |  16.41 kB | 
chunk-I6K66WJG.js   | -                                   |   9.38 kB | 
chunk-BAMCDZBD.js   | -                                   |   3.08 kB | 
chunk-XV6DUUP7.js   | -                                   |   2.56 kB | 
chunk-5PKBZAT2.js   | -                                   |   1.81 kB | 
chunk-Y5RQAIA6.js   | -                                   |   1.50 kB | 
chunk-34UYH2XR.js   | -                                   | 840 bytes | 

                    | Initial total                       | 658.48 kB

Lazy chunk files    | Names                               |  Raw size
chunk-USGV67GO.js   | settings-rbac-component             |  42.53 kB | 
chunk-WPBNWZAI.js   | settings-diagnoses-component        |  35.10 kB | 
chunk-TOBUNGKR.js   | settings-eps-arl-component          |  34.35 kB | 
chunk-I4QQBK7S.js   | settings-temporal-component         |  31.64 kB | 
chunk-5NHQCLED.js   | settings-profile-wizard-component   |  25.22 kB | 
chunk-XWKHQKLT.js   | settings-areas-component            |  22.73 kB | 
chunk-U2K4J7D4.js   | settings-profile-component          |  12.81 kB | 
chunk-ZZEOHPAS.js   | settings-seguridad-layout-component |   2.33 kB | 
chunk-X4BJ3WJ2.js   | -                                   | 476 bytes | 
chunk-FYGT2I2D.js   | excel-download                      | 164 bytes | 

Application bundle generation complete. [5.910 seconds]

Watch mode enabled. Watching for file changes...
NOTE: Raw file sizes do not reflect development server per-request transformations.
  ➜  Local:   http://localhost:4200/
  ➜  Network: http://172.31.5.121:4200/
